2026-05-24T11:02:38+0300 INFO: Запуск процесса из студии разработки. D:\Study\ПКС\хакатон\case3_search-for-printed-form\Кейс3_ПоискПечатнойФормы1С\process\main.json
2026-05-24T11:02:40+0300 INFO: Старт робота: D:\Study\ПКС\хакатон\case3_search-for-printed-form\Кейс3_ПоискПечатнойФормы1С\resource\88aac7ea-1449-49f3-80f4-ee45465092fc\ConfigFunctions.py
2026-05-24T11:02:40+0300 INFO: Старт робота: D:\Study\ПКС\хакатон\case3_search-for-printed-form\Кейс3_ПоискПечатнойФормы1С\resource\88aac7ea-1449-49f3-80f4-ee45465092fc\techFunctions.py
2026-05-24T11:02:42+0300 INFO: Старт робота: D:\Study\ПКС\хакатон\case3_search-for-printed-form\Кейс3_ПоискПечатнойФормы1С\resource\88aac7ea-1449-49f3-80f4-ee45465092fc\relay_930.py
2026-05-24T11:02:42+0300 INFO: Старт робота: D:\Study\ПКС\хакатон\case3_search-for-printed-form\Кейс3_ПоискПечатнойФормы1С\resource\88aac7ea-1449-49f3-80f4-ee45465092fc\ProcessDocument.py
2026-05-24T11:02:42+0300 INFO: Старт робота: D:\Study\ПКС\хакатон\case3_search-for-printed-form\Кейс3_ПоискПечатнойФормы1С\resource\88aac7ea-1449-49f3-80f4-ee45465092fc\FinishProcess.py
2026-05-24T11:02:42+0300 INFO: Старт робота: D:\Study\ПКС\хакатон\case3_search-for-printed-form\Кейс3_ПоискПечатнойФормы1С\resource\88aac7ea-1449-49f3-80f4-ee45465092fc\main.py
2026-05-24T11:02:43+0300 INFO: D:\Study\ПКС\хакатон\case3_search-for-printed-form\Кейс3_ПоискПечатнойФормы1С\resource\88aac7ea-1449-49f3-80f4-ee45465092fc\main.py Робот начал работу 24.05.2026 11:02:43
2026-05-24T11:02:43+0300 INFO: D:\Study\ПКС\хакатон\case3_search-for-printed-form\Кейс3_ПоискПечатнойФормы1С\resource\88aac7ea-1449-49f3-80f4-ee45465092fc\ConfigFunctions.py Папки подготовлены
2026-05-24T11:02:53+0300 INFO: Завершение выполнения процесса. D:\Study\ПКС\хакатон\case3_search-for-printed-form\Кейс3_ПоискПечатнойФормы1С\process\main.json
2026-05-24T11:04:02+0300 INFO: Запуск процесса из студии разработки. D:\Study\ПКС\хакатон\case3_search-for-printed-form\Кейс3_ПоискПечатнойФормы1С\process\main.json
2026-05-24T11:04:03+0300 INFO: Старт робота: D:\Study\ПКС\хакатон\case3_search-for-printed-form\Кейс3_ПоискПечатнойФормы1С\resource\e05192a9-b910-4701-8e16-04658da2a65a\ConfigFunctions.py
2026-05-24T11:04:03+0300 INFO: Старт робота: D:\Study\ПКС\хакатон\case3_search-for-printed-form\Кейс3_ПоискПечатнойФормы1С\resource\e05192a9-b910-4701-8e16-04658da2a65a\techFunctions.py
2026-05-24T11:04:04+0300 INFO: Старт робота: D:\Study\ПКС\хакатон\case3_search-for-printed-form\Кейс3_ПоискПечатнойФормы1С\resource\e05192a9-b910-4701-8e16-04658da2a65a\relay_930.py
2026-05-24T11:04:04+0300 INFO: Старт робота: D:\Study\ПКС\хакатон\case3_search-for-printed-form\Кейс3_ПоискПечатнойФормы1С\resource\e05192a9-b910-4701-8e16-04658da2a65a\ProcessDocument.py
2026-05-24T11:04:04+0300 INFO: Старт робота: D:\Study\ПКС\хакатон\case3_search-for-printed-form\Кейс3_ПоискПечатнойФормы1С\resource\e05192a9-b910-4701-8e16-04658da2a65a\FinishProcess.py
2026-05-24T11:04:04+0300 INFO: Старт робота: D:\Study\ПКС\хакатон\case3_search-for-printed-form\Кейс3_ПоискПечатнойФормы1С\resource\e05192a9-b910-4701-8e16-04658da2a65a\main.py
2026-05-24T11:04:04+0300 INFO: D:\Study\ПКС\хакатон\case3_search-for-printed-form\Кейс3_ПоискПечатнойФормы1С\resource\e05192a9-b910-4701-8e16-04658da2a65a\main.py Робот начал работу 24.05.2026 11:04:04
2026-05-24T11:04:04+0300 INFO: D:\Study\ПКС\хакатон\case3_search-for-printed-form\Кейс3_ПоискПечатнойФормы1С\resource\e05192a9-b910-4701-8e16-04658da2a65a\ConfigFunctions.py Папки подготовлены
2026-05-24T11:05:22+0300 ERROR: D:\Study\ПКС\хакатон\case3_search-for-printed-form\Кейс3_ПоискПечатнойФормы1С\resource\e05192a9-b910-4701-8e16-04658da2a65a\main.py Ошибка: 'int' object is not subscriptable
2026-05-24T11:06:04+0300 ERROR: Завершение выполнения процесса. D:\Study\ПКС\хакатон\case3_search-for-printed-form\Кейс3_ПоискПечатнойФормы1С\process\main.json
2026-05-24T11:06:51+0300 INFO: Старт робота: D:\Study\ПКС\хакатон\case3_search-for-printed-form\Кейс3_ПоискПечатнойФормы1С\resource\209e8514-4a78-49c8-b216-d5da7da295ae\techFunctions.py
2026-05-24T11:06:53+0300 INFO: Старт робота: D:\Study\ПКС\хакатон\case3_search-for-printed-form\Кейс3_ПоискПечатнойФормы1С\resource\209e8514-4a78-49c8-b216-d5da7da295ae\relay_930.py
2026-05-24T11:06:53+0300 INFO: Завершение работы робота: D:\Study\ПКС\хакатон\case3_search-for-printed-form\Кейс3_ПоискПечатнойФормы1С\resource\209e8514-4a78-49c8-b216-d5da7da295ae\relay_930.py
2026-05-24T11:11:20+0300 INFO: Запуск процесса из студии разработки. D:\Study\ПКС\хакатон\case3_search-for-printed-form\Кейс3_ПоискПечатнойФормы1С\process\main.json
2026-05-24T11:11:21+0300 INFO: Старт робота: D:\Study\ПКС\хакатон\case3_search-for-printed-form\Кейс3_ПоискПечатнойФормы1С\resource\841bda7f-c77a-463a-bf8e-5b6e40bfc2a6\ConfigFunctions.py
2026-05-24T11:11:22+0300 INFO: Старт робота: D:\Study\ПКС\хакатон\case3_search-for-printed-form\Кейс3_ПоискПечатнойФормы1С\resource\841bda7f-c77a-463a-bf8e-5b6e40bfc2a6\techFunctions.py
2026-05-24T11:11:23+0300 INFO: Старт робота: D:\Study\ПКС\хакатон\case3_search-for-printed-form\Кейс3_ПоискПечатнойФормы1С\resource\841bda7f-c77a-463a-bf8e-5b6e40bfc2a6\relay_930.py
2026-05-24T11:11:23+0300 INFO: Старт робота: D:\Study\ПКС\хакатон\case3_search-for-printed-form\Кейс3_ПоискПечатнойФормы1С\resource\841bda7f-c77a-463a-bf8e-5b6e40bfc2a6\ProcessDocument.py
2026-05-24T11:11:23+0300 INFO: Старт робота: D:\Study\ПКС\хакатон\case3_search-for-printed-form\Кейс3_ПоискПечатнойФормы1С\resource\841bda7f-c77a-463a-bf8e-5b6e40bfc2a6\FinishProcess.py
2026-05-24T11:11:23+0300 INFO: Старт робота: D:\Study\ПКС\хакатон\case3_search-for-printed-form\Кейс3_ПоискПечатнойФормы1С\resource\841bda7f-c77a-463a-bf8e-5b6e40bfc2a6\main.py
2026-05-24T11:11:23+0300 INFO: D:\Study\ПКС\хакатон\case3_search-for-printed-form\Кейс3_ПоискПечатнойФормы1С\resource\841bda7f-c77a-463a-bf8e-5b6e40bfc2a6\main.py Робот начал работу 24.05.2026 11:11:23
2026-05-24T11:11:23+0300 INFO: D:\Study\ПКС\хакатон\case3_search-for-printed-form\Кейс3_ПоискПечатнойФормы1С\resource\841bda7f-c77a-463a-bf8e-5b6e40bfc2a6\ConfigFunctions.py Папки подготовлены
2026-05-24T11:13:29+0300 INFO: Завершение выполнения процесса. D:\Study\ПКС\хакатон\case3_search-for-printed-form\Кейс3_ПоискПечатнойФормы1С\process\main.json
2026-05-24T11:15:04+0300 INFO: Запуск процесса из студии разработки. D:\Study\ПКС\хакатон\case3_search-for-printed-form\Кейс3_ПоискПечатнойФормы1С\process\main.json
2026-05-24T11:15:05+0300 INFO: Старт робота: D:\Study\ПКС\хакатон\case3_search-for-printed-form\Кейс3_ПоискПечатнойФормы1С\resource\75ecefd0-a6e8-445c-bc26-7922cb580602\ConfigFunctions.py
2026-05-24T11:15:06+0300 INFO: Старт робота: D:\Study\ПКС\хакатон\case3_search-for-printed-form\Кейс3_ПоискПечатнойФормы1С\resource\75ecefd0-a6e8-445c-bc26-7922cb580602\techFunctions.py
2026-05-24T11:15:07+0300 INFO: Старт робота: D:\Study\ПКС\хакатон\case3_search-for-printed-form\Кейс3_ПоискПечатнойФормы1С\resource\75ecefd0-a6e8-445c-bc26-7922cb580602\relay_930.py
2026-05-24T11:15:07+0300 INFO: Старт робота: D:\Study\ПКС\хакатон\case3_search-for-printed-form\Кейс3_ПоискПечатнойФормы1С\resource\75ecefd0-a6e8-445c-bc26-7922cb580602\ProcessDocument.py
2026-05-24T11:15:07+0300 INFO: Старт робота: D:\Study\ПКС\хакатон\case3_search-for-printed-form\Кейс3_ПоискПечатнойФормы1С\resource\75ecefd0-a6e8-445c-bc26-7922cb580602\FinishProcess.py
2026-05-24T11:15:07+0300 INFO: Старт робота: D:\Study\ПКС\хакатон\case3_search-for-printed-form\Кейс3_ПоискПечатнойФормы1С\resource\75ecefd0-a6e8-445c-bc26-7922cb580602\main.py
2026-05-24T11:15:07+0300 INFO: D:\Study\ПКС\хакатон\case3_search-for-printed-form\Кейс3_ПоискПечатнойФормы1С\resource\75ecefd0-a6e8-445c-bc26-7922cb580602\main.py Робот начал работу 24.05.2026 11:15:07
2026-05-24T11:15:07+0300 INFO: D:\Study\ПКС\хакатон\case3_search-for-printed-form\Кейс3_ПоискПечатнойФормы1С\resource\75ecefd0-a6e8-445c-bc26-7922cb580602\ConfigFunctions.py Папки подготовлены
2026-05-24T11:17:01+0300 INFO: Завершение выполнения процесса. D:\Study\ПКС\хакатон\case3_search-for-printed-form\Кейс3_ПоискПечатнойФормы1С\process\main.json
2026-05-24T11:23:54+0300 INFO: Запуск процесса из студии разработки. D:\Study\ПКС\хакатон\case3_search-for-printed-form\Кейс3_ПоискПечатнойФормы1С\process\main.json
2026-05-24T11:23:56+0300 INFO: Старт робота: D:\Study\ПКС\хакатон\case3_search-for-printed-form\Кейс3_ПоискПечатнойФормы1С\resource\ac1efd92-8bca-4677-b822-5ce413ef6f75\ConfigFunctions.py
2026-05-24T11:23:56+0300 INFO: Старт робота: D:\Study\ПКС\хакатон\case3_search-for-printed-form\Кейс3_ПоискПечатнойФормы1С\resource\ac1efd92-8bca-4677-b822-5ce413ef6f75\techFunctions.py
2026-05-24T11:23:58+0300 INFO: Старт робота: D:\Study\ПКС\хакатон\case3_search-for-printed-form\Кейс3_ПоискПечатнойФормы1С\resource\ac1efd92-8bca-4677-b822-5ce413ef6f75\relay_930.py
2026-05-24T11:23:58+0300 INFO: Старт робота: D:\Study\ПКС\хакатон\case3_search-for-printed-form\Кейс3_ПоискПечатнойФормы1С\resource\ac1efd92-8bca-4677-b822-5ce413ef6f75\ProcessDocument.py
2026-05-24T11:23:58+0300 INFO: Старт робота: D:\Study\ПКС\хакатон\case3_search-for-printed-form\Кейс3_ПоискПечатнойФормы1С\resource\ac1efd92-8bca-4677-b822-5ce413ef6f75\FinishProcess.py
2026-05-24T11:23:58+0300 INFO: Старт робота: D:\Study\ПКС\хакатон\case3_search-for-printed-form\Кейс3_ПоискПечатнойФормы1С\resource\ac1efd92-8bca-4677-b822-5ce413ef6f75\main.py
2026-05-24T11:23:58+0300 INFO: D:\Study\ПКС\хакатон\case3_search-for-printed-form\Кейс3_ПоискПечатнойФормы1С\resource\ac1efd92-8bca-4677-b822-5ce413ef6f75\main.py Робот начал работу 24.05.2026 11:23:58
2026-05-24T11:23:58+0300 INFO: D:\Study\ПКС\хакатон\case3_search-for-printed-form\Кейс3_ПоискПечатнойФормы1С\resource\ac1efd92-8bca-4677-b822-5ce413ef6f75\ConfigFunctions.py Папки подготовлены
2026-05-24T11:25:52+0300 ERROR: D:\Study\ПКС\хакатон\case3_search-for-printed-form\Кейс3_ПоискПечатнойФормы1С\resource\ac1efd92-8bca-4677-b822-5ce413ef6f75\ProcessDocument.py Ошибка получения печатной формы
2026-05-24T11:25:52+0300 ERROR: D:\Study\ПКС\хакатон\case3_search-for-printed-form\Кейс3_ПоискПечатнойФормы1С\resource\ac1efd92-8bca-4677-b822-5ce413ef6f75\main.py Ошибка: name 'is_process_successed' is not defined
2026-05-24T11:26:19+0300 ERROR: Завершение выполнения процесса. D:\Study\ПКС\хакатон\case3_search-for-printed-form\Кейс3_ПоискПечатнойФормы1С\process\main.json
2026-05-24T11:43:41+0300 INFO: Запуск процесса из студии разработки. D:\Study\ПКС\хакатон\case3_search-for-printed-form\Кейс3_ПоискПечатнойФормы1С\process\main.json
2026-05-24T11:43:42+0300 INFO: Старт робота: D:\Study\ПКС\хакатон\case3_search-for-printed-form\Кейс3_ПоискПечатнойФормы1С\resource\4876feff-b440-4613-a88a-1d34dfccecae\ConfigFunctions.py
2026-05-24T11:43:42+0300 INFO: Старт робота: D:\Study\ПКС\хакатон\case3_search-for-printed-form\Кейс3_ПоискПечатнойФормы1С\resource\4876feff-b440-4613-a88a-1d34dfccecae\techFunctions.py
2026-05-24T11:43:43+0300 INFO: Старт робота: D:\Study\ПКС\хакатон\case3_search-for-printed-form\Кейс3_ПоискПечатнойФормы1С\resource\4876feff-b440-4613-a88a-1d34dfccecae\relay_930.py
2026-05-24T11:43:43+0300 INFO: Старт робота: D:\Study\ПКС\хакатон\case3_search-for-printed-form\Кейс3_ПоискПечатнойФормы1С\resource\4876feff-b440-4613-a88a-1d34dfccecae\ProcessDocument.py
2026-05-24T11:43:43+0300 INFO: Старт робота: D:\Study\ПКС\хакатон\case3_search-for-printed-form\Кейс3_ПоискПечатнойФормы1С\resource\4876feff-b440-4613-a88a-1d34dfccecae\FinishProcess.py
2026-05-24T11:43:43+0300 INFO: Старт робота: D:\Study\ПКС\хакатон\case3_search-for-printed-form\Кейс3_ПоискПечатнойФормы1С\resource\4876feff-b440-4613-a88a-1d34dfccecae\main.py
2026-05-24T11:43:43+0300 INFO: D:\Study\ПКС\хакатон\case3_search-for-printed-form\Кейс3_ПоискПечатнойФормы1С\resource\4876feff-b440-4613-a88a-1d34dfccecae\main.py Робот начал работу 24.05.2026 11:43:43
2026-05-24T11:43:43+0300 INFO: D:\Study\ПКС\хакатон\case3_search-for-printed-form\Кейс3_ПоискПечатнойФормы1С\resource\4876feff-b440-4613-a88a-1d34dfccecae\ConfigFunctions.py Папки подготовлены
2026-05-24T11:45:00+0300 ERROR: D:\Study\ПКС\хакатон\case3_search-for-printed-form\Кейс3_ПоискПечатнойФормы1С\resource\4876feff-b440-4613-a88a-1d34dfccecae\main.py Ошибка: name 'web_actions' is not defined
2026-05-24T11:45:06+0300 ERROR: Завершение выполнения процесса. D:\Study\ПКС\хакатон\case3_search-for-printed-form\Кейс3_ПоискПечатнойФормы1С\process\main.json
2026-05-24T11:46:10+0300 INFO: Запуск процесса из студии разработки. D:\Study\ПКС\хакатон\case3_search-for-printed-form\Кейс3_ПоискПечатнойФормы1С\process\main.json
2026-05-24T11:46:11+0300 INFO: Старт робота: D:\Study\ПКС\хакатон\case3_search-for-printed-form\Кейс3_ПоискПечатнойФормы1С\resource\abbc6c43-031c-4f8b-8977-f512d1e23026\ConfigFunctions.py
2026-05-24T11:46:11+0300 INFO: Старт робота: D:\Study\ПКС\хакатон\case3_search-for-printed-form\Кейс3_ПоискПечатнойФормы1С\resource\abbc6c43-031c-4f8b-8977-f512d1e23026\techFunctions.py
2026-05-24T11:46:12+0300 INFO: Старт робота: D:\Study\ПКС\хакатон\case3_search-for-printed-form\Кейс3_ПоискПечатнойФормы1С\resource\abbc6c43-031c-4f8b-8977-f512d1e23026\relay_930.py
2026-05-24T11:46:12+0300 INFO: Старт робота: D:\Study\ПКС\хакатон\case3_search-for-printed-form\Кейс3_ПоискПечатнойФормы1С\resource\abbc6c43-031c-4f8b-8977-f512d1e23026\ProcessDocument.py
2026-05-24T11:46:12+0300 INFO: Старт робота: D:\Study\ПКС\хакатон\case3_search-for-printed-form\Кейс3_ПоискПечатнойФормы1С\resource\abbc6c43-031c-4f8b-8977-f512d1e23026\FinishProcess.py
2026-05-24T11:46:12+0300 INFO: Старт робота: D:\Study\ПКС\хакатон\case3_search-for-printed-form\Кейс3_ПоискПечатнойФормы1С\resource\abbc6c43-031c-4f8b-8977-f512d1e23026\main.py
2026-05-24T11:46:12+0300 INFO: D:\Study\ПКС\хакатон\case3_search-for-printed-form\Кейс3_ПоискПечатнойФормы1С\resource\abbc6c43-031c-4f8b-8977-f512d1e23026\main.py Робот начал работу 24.05.2026 11:46:12
2026-05-24T11:46:12+0300 INFO: D:\Study\ПКС\хакатон\case3_search-for-printed-form\Кейс3_ПоискПечатнойФормы1С\resource\abbc6c43-031c-4f8b-8977-f512d1e23026\ConfigFunctions.py Папки подготовлены
2026-05-24T11:47:30+0300 ERROR: D:\Study\ПКС\хакатон\case3_search-for-printed-form\Кейс3_ПоискПечатнойФормы1С\resource\abbc6c43-031c-4f8b-8977-f512d1e23026\main.py Ошибка: name 'web_actions' is not defined
2026-05-24T11:47:34+0300 ERROR: Завершение выполнения процесса. D:\Study\ПКС\хакатон\case3_search-for-printed-form\Кейс3_ПоискПечатнойФормы1С\process\main.json
2026-05-24T11:50:55+0300 INFO: Запуск процесса из студии разработки. D:\Study\ПКС\хакатон\case3_search-for-printed-form\Кейс3_ПоискПечатнойФормы1С\process\main.json
2026-05-24T11:50:56+0300 INFO: Старт робота: D:\Study\ПКС\хакатон\case3_search-for-printed-form\Кейс3_ПоискПечатнойФормы1С\resource\c182eb75-4340-4c43-a863-9c0b89789c11\ConfigFunctions.py
2026-05-24T11:50:56+0300 INFO: Старт робота: D:\Study\ПКС\хакатон\case3_search-for-printed-form\Кейс3_ПоискПечатнойФормы1С\resource\c182eb75-4340-4c43-a863-9c0b89789c11\techFunctions.py
2026-05-24T11:50:57+0300 INFO: Старт робота: D:\Study\ПКС\хакатон\case3_search-for-printed-form\Кейс3_ПоискПечатнойФормы1С\resource\c182eb75-4340-4c43-a863-9c0b89789c11\relay_930.py
2026-05-24T11:50:57+0300 INFO: Старт робота: D:\Study\ПКС\хакатон\case3_search-for-printed-form\Кейс3_ПоискПечатнойФормы1С\resource\c182eb75-4340-4c43-a863-9c0b89789c11\ProcessDocument.py
2026-05-24T11:50:57+0300 INFO: Старт робота: D:\Study\ПКС\хакатон\case3_search-for-printed-form\Кейс3_ПоискПечатнойФормы1С\resource\c182eb75-4340-4c43-a863-9c0b89789c11\FinishProcess.py
2026-05-24T11:50:57+0300 INFO: Старт робота: D:\Study\ПКС\хакатон\case3_search-for-printed-form\Кейс3_ПоискПечатнойФормы1С\resource\c182eb75-4340-4c43-a863-9c0b89789c11\main.py
2026-05-24T11:50:57+0300 INFO: D:\Study\ПКС\хакатон\case3_search-for-printed-form\Кейс3_ПоискПечатнойФормы1С\resource\c182eb75-4340-4c43-a863-9c0b89789c11\main.py Робот начал работу 24.05.2026 11:50:57
2026-05-24T11:50:57+0300 INFO: D:\Study\ПКС\хакатон\case3_search-for-printed-form\Кейс3_ПоискПечатнойФормы1С\resource\c182eb75-4340-4c43-a863-9c0b89789c11\ConfigFunctions.py Папки подготовлены
2026-05-24T11:52:47+0300 ERROR: D:\Study\ПКС\хакатон\case3_search-for-printed-form\Кейс3_ПоискПечатнойФормы1С\resource\c182eb75-4340-4c43-a863-9c0b89789c11\main.py Ошибка: name 'web_actions' is not defined
2026-05-24T11:52:48+0300 ERROR: Завершение выполнения процесса. D:\Study\ПКС\хакатон\case3_search-for-printed-form\Кейс3_ПоискПечатнойФормы1С\process\main.json
2026-05-24T11:55:49+0300 INFO: Запуск процесса из студии разработки. D:\Study\ПКС\хакатон\case3_search-for-printed-form\Кейс3_ПоискПечатнойФормы1С\process\main.json
2026-05-24T11:55:50+0300 INFO: Старт робота: D:\Study\ПКС\хакатон\case3_search-for-printed-form\Кейс3_ПоискПечатнойФормы1С\resource\cab4cbda-a617-4ad1-bdc3-82e7ec335cbe\ConfigFunctions.py
2026-05-24T11:55:50+0300 INFO: Старт робота: D:\Study\ПКС\хакатон\case3_search-for-printed-form\Кейс3_ПоискПечатнойФормы1С\resource\cab4cbda-a617-4ad1-bdc3-82e7ec335cbe\techFunctions.py
2026-05-24T11:55:50+0300 INFO: Старт робота: D:\Study\ПКС\хакатон\case3_search-for-printed-form\Кейс3_ПоискПечатнойФормы1С\resource\cab4cbda-a617-4ad1-bdc3-82e7ec335cbe\relay_930.py
2026-05-24T11:55:50+0300 INFO: Старт робота: D:\Study\ПКС\хакатон\case3_search-for-printed-form\Кейс3_ПоискПечатнойФормы1С\resource\cab4cbda-a617-4ad1-bdc3-82e7ec335cbe\ProcessDocument.py
2026-05-24T11:55:50+0300 INFO: Старт робота: D:\Study\ПКС\хакатон\case3_search-for-printed-form\Кейс3_ПоискПечатнойФормы1С\resource\cab4cbda-a617-4ad1-bdc3-82e7ec335cbe\FinishProcess.py
2026-05-24T11:55:51+0300 INFO: Старт робота: D:\Study\ПКС\хакатон\case3_search-for-printed-form\Кейс3_ПоискПечатнойФормы1С\resource\cab4cbda-a617-4ad1-bdc3-82e7ec335cbe\main.py
2026-05-24T11:55:51+0300 INFO: D:\Study\ПКС\хакатон\case3_search-for-printed-form\Кейс3_ПоискПечатнойФормы1С\resource\cab4cbda-a617-4ad1-bdc3-82e7ec335cbe\main.py Робот начал работу 24.05.2026 11:55:51
2026-05-24T11:55:51+0300 INFO: D:\Study\ПКС\хакатон\case3_search-for-printed-form\Кейс3_ПоискПечатнойФормы1С\resource\cab4cbda-a617-4ad1-bdc3-82e7ec335cbe\ConfigFunctions.py Папки подготовлены
2026-05-24T11:57:38+0300 ERROR: D:\Study\ПКС\хакатон\case3_search-for-printed-form\Кейс3_ПоискПечатнойФормы1С\resource\cab4cbda-a617-4ad1-bdc3-82e7ec335cbe\ProcessDocument.py Ошибка получения печатной формы
2026-05-24T11:57:38+0300 INFO: Завершение работы робота: D:\Study\ПКС\хакатон\case3_search-for-printed-form\Кейс3_ПоискПечатнойФормы1С\resource\cab4cbda-a617-4ad1-bdc3-82e7ec335cbe\main.py
2026-05-24T11:57:40+0300 INFO: Завершение выполнения процесса. D:\Study\ПКС\хакатон\case3_search-for-printed-form\Кейс3_ПоискПечатнойФормы1С\process\main.json
2026-05-24T11:59:37+0300 INFO: Запуск процесса из студии разработки. D:\Study\ПКС\хакатон\case3_search-for-printed-form\Кейс3_ПоискПечатнойФормы1С\process\main.json
2026-05-24T11:59:38+0300 INFO: Старт робота: D:\Study\ПКС\хакатон\case3_search-for-printed-form\Кейс3_ПоискПечатнойФормы1С\resource\fcd23b6e-929e-4351-80e6-2463f7499c07\ConfigFunctions.py
2026-05-24T11:59:38+0300 INFO: Старт робота: D:\Study\ПКС\хакатон\case3_search-for-printed-form\Кейс3_ПоискПечатнойФормы1С\resource\fcd23b6e-929e-4351-80e6-2463f7499c07\techFunctions.py
2026-05-24T11:59:38+0300 INFO: Старт робота: D:\Study\ПКС\хакатон\case3_search-for-printed-form\Кейс3_ПоискПечатнойФормы1С\resource\fcd23b6e-929e-4351-80e6-2463f7499c07\relay_930.py
2026-05-24T11:59:39+0300 INFO: Старт робота: D:\Study\ПКС\хакатон\case3_search-for-printed-form\Кейс3_ПоискПечатнойФормы1С\resource\fcd23b6e-929e-4351-80e6-2463f7499c07\ProcessDocument.py
2026-05-24T11:59:39+0300 INFO: Старт робота: D:\Study\ПКС\хакатон\case3_search-for-printed-form\Кейс3_ПоискПечатнойФормы1С\resource\fcd23b6e-929e-4351-80e6-2463f7499c07\FinishProcess.py
2026-05-24T11:59:39+0300 INFO: Старт робота: D:\Study\ПКС\хакатон\case3_search-for-printed-form\Кейс3_ПоискПечатнойФормы1С\resource\fcd23b6e-929e-4351-80e6-2463f7499c07\main.py
2026-05-24T11:59:39+0300 INFO: D:\Study\ПКС\хакатон\case3_search-for-printed-form\Кейс3_ПоискПечатнойФормы1С\resource\fcd23b6e-929e-4351-80e6-2463f7499c07\main.py Робот начал работу 24.05.2026 11:59:39
2026-05-24T11:59:39+0300 INFO: D:\Study\ПКС\хакатон\case3_search-for-printed-form\Кейс3_ПоискПечатнойФормы1С\resource\fcd23b6e-929e-4351-80e6-2463f7499c07\ConfigFunctions.py Папки подготовлены
2026-05-24T12:01:27+0300 ERROR: D:\Study\ПКС\хакатон\case3_search-for-printed-form\Кейс3_ПоискПечатнойФормы1С\resource\fcd23b6e-929e-4351-80e6-2463f7499c07\ProcessDocument.py Ошибка сохранения печатной формы
2026-05-24T12:01:27+0300 ERROR: D:\Study\ПКС\хакатон\case3_search-for-printed-form\Кейс3_ПоискПечатнойФормы1С\resource\fcd23b6e-929e-4351-80e6-2463f7499c07\ProcessDocument.py Ошибка получения печатной формы
2026-05-24T12:01:27+0300 INFO: Завершение работы робота: D:\Study\ПКС\хакатон\case3_search-for-printed-form\Кейс3_ПоискПечатнойФормы1С\resource\fcd23b6e-929e-4351-80e6-2463f7499c07\main.py
2026-05-24T12:01:28+0300 INFO: Завершение выполнения процесса. D:\Study\ПКС\хакатон\case3_search-for-printed-form\Кейс3_ПоискПечатнойФормы1С\process\main.json
2026-05-24T12:21:03+0300 INFO: Запуск процесса из студии разработки. D:\Study\ПКС\хакатон\case3_search-for-printed-form\Кейс3_ПоискПечатнойФормы1С\process\ProcessDocument.json
2026-05-24T12:21:05+0300 INFO: Старт робота: D:\Study\ПКС\хакатон\case3_search-for-printed-form\Кейс3_ПоискПечатнойФормы1С\resource\003444d0-6d66-4873-bec4-8c90975b036a\ProcessDocument.py
2026-05-24T12:21:05+0300 INFO: Завершение работы робота: D:\Study\ПКС\хакатон\case3_search-for-printed-form\Кейс3_ПоискПечатнойФормы1С\resource\003444d0-6d66-4873-bec4-8c90975b036a\ProcessDocument.py
2026-05-24T12:21:05+0300 INFO: Завершение выполнения процесса. D:\Study\ПКС\хакатон\case3_search-for-printed-form\Кейс3_ПоискПечатнойФормы1С\process\ProcessDocument.json
2026-05-24T12:21:08+0300 INFO: Запуск процесса из студии разработки. D:\Study\ПКС\хакатон\case3_search-for-printed-form\Кейс3_ПоискПечатнойФормы1С\process\main.json
2026-05-24T12:21:09+0300 INFO: Старт робота: D:\Study\ПКС\хакатон\case3_search-for-printed-form\Кейс3_ПоискПечатнойФормы1С\resource\40da324b-6143-4cba-8ed6-178d05477366\ConfigFunctions.py
2026-05-24T12:21:10+0300 INFO: Старт робота: D:\Study\ПКС\хакатон\case3_search-for-printed-form\Кейс3_ПоискПечатнойФормы1С\resource\40da324b-6143-4cba-8ed6-178d05477366\techFunctions.py
2026-05-24T12:21:10+0300 INFO: Старт робота: D:\Study\ПКС\хакатон\case3_search-for-printed-form\Кейс3_ПоискПечатнойФормы1С\resource\40da324b-6143-4cba-8ed6-178d05477366\relay_930.py
2026-05-24T12:21:10+0300 INFO: Старт робота: D:\Study\ПКС\хакатон\case3_search-for-printed-form\Кейс3_ПоискПечатнойФормы1С\resource\40da324b-6143-4cba-8ed6-178d05477366\ProcessDocument.py
2026-05-24T12:21:10+0300 INFO: Старт робота: D:\Study\ПКС\хакатон\case3_search-for-printed-form\Кейс3_ПоискПечатнойФормы1С\resource\40da324b-6143-4cba-8ed6-178d05477366\FinishProcess.py
2026-05-24T12:21:11+0300 INFO: Старт робота: D:\Study\ПКС\хакатон\case3_search-for-printed-form\Кейс3_ПоискПечатнойФормы1С\resource\40da324b-6143-4cba-8ed6-178d05477366\main.py
2026-05-24T12:21:11+0300 INFO: D:\Study\ПКС\хакатон\case3_search-for-printed-form\Кейс3_ПоискПечатнойФормы1С\resource\40da324b-6143-4cba-8ed6-178d05477366\main.py Робот начал работу 24.05.2026 12:21:11
2026-05-24T12:21:11+0300 INFO: D:\Study\ПКС\хакатон\case3_search-for-printed-form\Кейс3_ПоискПечатнойФормы1С\resource\40da324b-6143-4cba-8ed6-178d05477366\ConfigFunctions.py Папки подготовлены
2026-05-24T12:23:03+0300 ERROR: D:\Study\ПКС\хакатон\case3_search-for-printed-form\Кейс3_ПоискПечатнойФормы1С\resource\40da324b-6143-4cba-8ed6-178d05477366\ProcessDocument.py Ошибка сохранения печатной формы
2026-05-24T12:23:03+0300 ERROR: D:\Study\ПКС\хакатон\case3_search-for-printed-form\Кейс3_ПоискПечатнойФормы1С\resource\40da324b-6143-4cba-8ed6-178d05477366\ProcessDocument.py Ошибка получения печатной формы
2026-05-24T12:23:03+0300 INFO: Завершение работы робота: D:\Study\ПКС\хакатон\case3_search-for-printed-form\Кейс3_ПоискПечатнойФормы1С\resource\40da324b-6143-4cba-8ed6-178d05477366\main.py
2026-05-24T12:23:06+0300 INFO: Завершение выполнения процесса. D:\Study\ПКС\хакатон\case3_search-for-printed-form\Кейс3_ПоискПечатнойФормы1С\process\main.json
2026-05-24T12:32:03+0300 INFO: Запуск процесса из студии разработки. D:\Study\ПКС\хакатон\case3_search-for-printed-form\Кейс3_ПоискПечатнойФормы1С\process\main.json
2026-05-24T12:32:05+0300 INFO: Старт робота: D:\Study\ПКС\хакатон\case3_search-for-printed-form\Кейс3_ПоискПечатнойФормы1С\resource\b4835d31-baf9-4cf0-a4b7-4c3113515ff8\ConfigFunctions.py
2026-05-24T12:32:05+0300 INFO: Старт робота: D:\Study\ПКС\хакатон\case3_search-for-printed-form\Кейс3_ПоискПечатнойФормы1С\resource\b4835d31-baf9-4cf0-a4b7-4c3113515ff8\techFunctions.py
2026-05-24T12:32:05+0300 INFO: Старт робота: D:\Study\ПКС\хакатон\case3_search-for-printed-form\Кейс3_ПоискПечатнойФормы1С\resource\b4835d31-baf9-4cf0-a4b7-4c3113515ff8\relay_930.py
2026-05-24T12:32:06+0300 INFO: Старт робота: D:\Study\ПКС\хакатон\case3_search-for-printed-form\Кейс3_ПоискПечатнойФормы1С\resource\b4835d31-baf9-4cf0-a4b7-4c3113515ff8\ProcessDocument.py
2026-05-24T12:32:06+0300 INFO: Старт робота: D:\Study\ПКС\хакатон\case3_search-for-printed-form\Кейс3_ПоискПечатнойФормы1С\resource\b4835d31-baf9-4cf0-a4b7-4c3113515ff8\FinishProcess.py
2026-05-24T12:32:07+0300 INFO: Старт робота: D:\Study\ПКС\хакатон\case3_search-for-printed-form\Кейс3_ПоискПечатнойФормы1С\resource\b4835d31-baf9-4cf0-a4b7-4c3113515ff8\main.py
2026-05-24T12:32:07+0300 INFO: D:\Study\ПКС\хакатон\case3_search-for-printed-form\Кейс3_ПоискПечатнойФормы1С\resource\b4835d31-baf9-4cf0-a4b7-4c3113515ff8\main.py Робот начал работу 24.05.2026 12:32:07
2026-05-24T12:32:07+0300 INFO: D:\Study\ПКС\хакатон\case3_search-for-printed-form\Кейс3_ПоискПечатнойФормы1С\resource\b4835d31-baf9-4cf0-a4b7-4c3113515ff8\ConfigFunctions.py Папки подготовлены
2026-05-24T12:34:22+0300 ERROR: D:\Study\ПКС\хакатон\case3_search-for-printed-form\Кейс3_ПоискПечатнойФормы1С\resource\b4835d31-baf9-4cf0-a4b7-4c3113515ff8\ProcessDocument.py Ошибка сохранения печатной формы
2026-05-24T12:34:22+0300 ERROR: D:\Study\ПКС\хакатон\case3_search-for-printed-form\Кейс3_ПоискПечатнойФормы1С\resource\b4835d31-baf9-4cf0-a4b7-4c3113515ff8\ProcessDocument.py Ошибка получения печатной формы
2026-05-24T12:34:22+0300 INFO: Завершение работы робота: D:\Study\ПКС\хакатон\case3_search-for-printed-form\Кейс3_ПоискПечатнойФормы1С\resource\b4835d31-baf9-4cf0-a4b7-4c3113515ff8\main.py
2026-05-24T12:34:25+0300 INFO: Завершение выполнения процесса. D:\Study\ПКС\хакатон\case3_search-for-printed-form\Кейс3_ПоискПечатнойФормы1С\process\main.json
2026-05-24T12:36:06+0300 INFO: Запуск процесса из студии разработки. D:\Study\ПКС\хакатон\case3_search-for-printed-form\Кейс3_ПоискПечатнойФормы1С\process\main.json
2026-05-24T12:36:08+0300 INFO: Старт робота: D:\Study\ПКС\хакатон\case3_search-for-printed-form\Кейс3_ПоискПечатнойФормы1С\resource\d6c1e62b-42a5-4971-a979-c7cdd5ec4191\ConfigFunctions.py
2026-05-24T12:36:08+0300 INFO: Старт робота: D:\Study\ПКС\хакатон\case3_search-for-printed-form\Кейс3_ПоискПечатнойФормы1С\resource\d6c1e62b-42a5-4971-a979-c7cdd5ec4191\techFunctions.py
2026-05-24T12:36:08+0300 INFO: Старт робота: D:\Study\ПКС\хакатон\case3_search-for-printed-form\Кейс3_ПоискПечатнойФормы1С\resource\d6c1e62b-42a5-4971-a979-c7cdd5ec4191\relay_930.py
2026-05-24T12:36:09+0300 INFO: Старт робота: D:\Study\ПКС\хакатон\case3_search-for-printed-form\Кейс3_ПоискПечатнойФормы1С\resource\d6c1e62b-42a5-4971-a979-c7cdd5ec4191\ProcessDocument.py
2026-05-24T12:36:09+0300 INFO: Старт робота: D:\Study\ПКС\хакатон\case3_search-for-printed-form\Кейс3_ПоискПечатнойФормы1С\resource\d6c1e62b-42a5-4971-a979-c7cdd5ec4191\FinishProcess.py
2026-05-24T12:36:10+0300 INFO: Старт робота: D:\Study\ПКС\хакатон\case3_search-for-printed-form\Кейс3_ПоискПечатнойФормы1С\resource\d6c1e62b-42a5-4971-a979-c7cdd5ec4191\main.py
2026-05-24T12:36:10+0300 INFO: D:\Study\ПКС\хакатон\case3_search-for-printed-form\Кейс3_ПоискПечатнойФормы1С\resource\d6c1e62b-42a5-4971-a979-c7cdd5ec4191\main.py Робот начал работу 24.05.2026 12:36:10
2026-05-24T12:36:10+0300 INFO: D:\Study\ПКС\хакатон\case3_search-for-printed-form\Кейс3_ПоискПечатнойФормы1С\resource\d6c1e62b-42a5-4971-a979-c7cdd5ec4191\ConfigFunctions.py Папки подготовлены
2026-05-24T12:38:36+0300 ERROR: D:\Study\ПКС\хакатон\case3_search-for-printed-form\Кейс3_ПоискПечатнойФормы1С\resource\d6c1e62b-42a5-4971-a979-c7cdd5ec4191\ProcessDocument.py Ошибка получения печатной формы
2026-05-24T12:38:36+0300 INFO: Завершение работы робота: D:\Study\ПКС\хакатон\case3_search-for-printed-form\Кейс3_ПоискПечатнойФормы1С\resource\d6c1e62b-42a5-4971-a979-c7cdd5ec4191\main.py
2026-05-24T12:38:39+0300 INFO: Завершение выполнения процесса. D:\Study\ПКС\хакатон\case3_search-for-printed-form\Кейс3_ПоискПечатнойФормы1С\process\main.json
2026-05-24T12:39:39+0300 INFO: Запуск процесса из студии разработки. D:\Study\ПКС\хакатон\case3_search-for-printed-form\Кейс3_ПоискПечатнойФормы1С\process\main.json
2026-05-24T12:39:41+0300 INFO: Старт робота: D:\Study\ПКС\хакатон\case3_search-for-printed-form\Кейс3_ПоискПечатнойФормы1С\resource\598490d1-47a3-4151-9645-404632d407ef\ConfigFunctions.py
2026-05-24T12:39:41+0300 INFO: Старт робота: D:\Study\ПКС\хакатон\case3_search-for-printed-form\Кейс3_ПоискПечатнойФормы1С\resource\598490d1-47a3-4151-9645-404632d407ef\techFunctions.py
2026-05-24T12:39:41+0300 INFO: Старт робота: D:\Study\ПКС\хакатон\case3_search-for-printed-form\Кейс3_ПоискПечатнойФормы1С\resource\598490d1-47a3-4151-9645-404632d407ef\relay_930.py
2026-05-24T12:39:42+0300 INFO: Старт робота: D:\Study\ПКС\хакатон\case3_search-for-printed-form\Кейс3_ПоискПечатнойФормы1С\resource\598490d1-47a3-4151-9645-404632d407ef\ProcessDocument.py
2026-05-24T12:39:42+0300 INFO: Старт робота: D:\Study\ПКС\хакатон\case3_search-for-printed-form\Кейс3_ПоискПечатнойФормы1С\resource\598490d1-47a3-4151-9645-404632d407ef\FinishProcess.py
2026-05-24T12:39:43+0300 INFO: Старт робота: D:\Study\ПКС\хакатон\case3_search-for-printed-form\Кейс3_ПоискПечатнойФормы1С\resource\598490d1-47a3-4151-9645-404632d407ef\main.py
2026-05-24T12:39:43+0300 INFO: D:\Study\ПКС\хакатон\case3_search-for-printed-form\Кейс3_ПоискПечатнойФормы1С\resource\598490d1-47a3-4151-9645-404632d407ef\main.py Робот начал работу 24.05.2026 12:39:43
2026-05-24T12:39:43+0300 INFO: D:\Study\ПКС\хакатон\case3_search-for-printed-form\Кейс3_ПоискПечатнойФормы1С\resource\598490d1-47a3-4151-9645-404632d407ef\ConfigFunctions.py Папки подготовлены
2026-05-24T12:40:30+0300 INFO: Завершение выполнения процесса. D:\Study\ПКС\хакатон\case3_search-for-printed-form\Кейс3_ПоискПечатнойФормы1С\process\main.json
2026-05-24T12:40:47+0300 INFO: Запуск процесса из студии разработки. D:\Study\ПКС\хакатон\case3_search-for-printed-form\Кейс3_ПоискПечатнойФормы1С\process\main.json
2026-05-24T12:40:49+0300 INFO: Старт робота: D:\Study\ПКС\хакатон\case3_search-for-printed-form\Кейс3_ПоискПечатнойФормы1С\resource\1d510e5f-a040-4913-ae50-5af96137cfdf\ConfigFunctions.py
2026-05-24T12:40:50+0300 INFO: Старт робота: D:\Study\ПКС\хакатон\case3_search-for-printed-form\Кейс3_ПоискПечатнойФормы1С\resource\1d510e5f-a040-4913-ae50-5af96137cfdf\techFunctions.py
2026-05-24T12:40:50+0300 INFO: Старт робота: D:\Study\ПКС\хакатон\case3_search-for-printed-form\Кейс3_ПоискПечатнойФормы1С\resource\1d510e5f-a040-4913-ae50-5af96137cfdf\relay_930.py
2026-05-24T12:40:50+0300 INFO: Старт робота: D:\Study\ПКС\хакатон\case3_search-for-printed-form\Кейс3_ПоискПечатнойФормы1С\resource\1d510e5f-a040-4913-ae50-5af96137cfdf\ProcessDocument.py
2026-05-24T12:40:50+0300 INFO: Старт робота: D:\Study\ПКС\хакатон\case3_search-for-printed-form\Кейс3_ПоискПечатнойФормы1С\resource\1d510e5f-a040-4913-ae50-5af96137cfdf\FinishProcess.py
2026-05-24T12:40:51+0300 INFO: Старт робота: D:\Study\ПКС\хакатон\case3_search-for-printed-form\Кейс3_ПоискПечатнойФормы1С\resource\1d510e5f-a040-4913-ae50-5af96137cfdf\main.py
2026-05-24T12:40:51+0300 INFO: D:\Study\ПКС\хакатон\case3_search-for-printed-form\Кейс3_ПоискПечатнойФормы1С\resource\1d510e5f-a040-4913-ae50-5af96137cfdf\main.py Робот начал работу 24.05.2026 12:40:51
2026-05-24T12:40:51+0300 INFO: D:\Study\ПКС\хакатон\case3_search-for-printed-form\Кейс3_ПоискПечатнойФормы1С\resource\1d510e5f-a040-4913-ae50-5af96137cfdf\ConfigFunctions.py Папки подготовлены
2026-05-24T12:41:24+0300 ERROR: D:\Study\ПКС\хакатон\case3_search-for-printed-form\Кейс3_ПоискПечатнойФормы1С\resource\1d510e5f-a040-4913-ae50-5af96137cfdf\main.py Ошибка: cannot access local variable 'link_document' where it is not associated with a value
2026-05-24T12:41:36+0300 ERROR: Завершение выполнения процесса. D:\Study\ПКС\хакатон\case3_search-for-printed-form\Кейс3_ПоискПечатнойФормы1С\process\main.json
2026-05-24T12:42:05+0300 INFO: Запуск процесса из студии разработки. D:\Study\ПКС\хакатон\case3_search-for-printed-form\Кейс3_ПоискПечатнойФормы1С\process\main.json
2026-05-24T12:42:07+0300 INFO: Старт робота: D:\Study\ПКС\хакатон\case3_search-for-printed-form\Кейс3_ПоискПечатнойФормы1С\resource\eea1173a-5b92-4688-8b3f-6acd18d302ba\ConfigFunctions.py
2026-05-24T12:42:07+0300 INFO: Старт робота: D:\Study\ПКС\хакатон\case3_search-for-printed-form\Кейс3_ПоискПечатнойФормы1С\resource\eea1173a-5b92-4688-8b3f-6acd18d302ba\techFunctions.py
2026-05-24T12:42:07+0300 INFO: Старт робота: D:\Study\ПКС\хакатон\case3_search-for-printed-form\Кейс3_ПоискПечатнойФормы1С\resource\eea1173a-5b92-4688-8b3f-6acd18d302ba\relay_930.py
2026-05-24T12:42:08+0300 INFO: Старт робота: D:\Study\ПКС\хакатон\case3_search-for-printed-form\Кейс3_ПоискПечатнойФормы1С\resource\eea1173a-5b92-4688-8b3f-6acd18d302ba\ProcessDocument.py
2026-05-24T12:42:08+0300 INFO: Старт робота: D:\Study\ПКС\хакатон\case3_search-for-printed-form\Кейс3_ПоискПечатнойФормы1С\resource\eea1173a-5b92-4688-8b3f-6acd18d302ba\FinishProcess.py
2026-05-24T12:42:09+0300 INFO: Старт робота: D:\Study\ПКС\хакатон\case3_search-for-printed-form\Кейс3_ПоискПечатнойФормы1С\resource\eea1173a-5b92-4688-8b3f-6acd18d302ba\main.py
2026-05-24T12:42:09+0300 INFO: D:\Study\ПКС\хакатон\case3_search-for-printed-form\Кейс3_ПоискПечатнойФормы1С\resource\eea1173a-5b92-4688-8b3f-6acd18d302ba\main.py Робот начал работу 24.05.2026 12:42:09
2026-05-24T12:42:09+0300 INFO: D:\Study\ПКС\хакатон\case3_search-for-printed-form\Кейс3_ПоискПечатнойФормы1С\resource\eea1173a-5b92-4688-8b3f-6acd18d302ba\ConfigFunctions.py Папки подготовлены
2026-05-24T12:44:40+0300 ERROR: D:\Study\ПКС\хакатон\case3_search-for-printed-form\Кейс3_ПоискПечатнойФормы1С\resource\eea1173a-5b92-4688-8b3f-6acd18d302ba\ProcessDocument.py Ошибка получения печатной формы
2026-05-24T12:44:40+0300 INFO: Завершение работы робота: D:\Study\ПКС\хакатон\case3_search-for-printed-form\Кейс3_ПоискПечатнойФормы1С\resource\eea1173a-5b92-4688-8b3f-6acd18d302ba\main.py
2026-05-24T12:44:43+0300 INFO: Завершение выполнения процесса. D:\Study\ПКС\хакатон\case3_search-for-printed-form\Кейс3_ПоискПечатнойФормы1С\process\main.json
2026-05-24T12:50:53+0300 INFO: Запуск процесса из студии разработки. D:\Study\ПКС\хакатон\case3_search-for-printed-form\Кейс3_ПоискПечатнойФормы1С\process\main.json
2026-05-24T12:50:55+0300 INFO: Старт робота: D:\Study\ПКС\хакатон\case3_search-for-printed-form\Кейс3_ПоискПечатнойФормы1С\resource\54c62f01-c78b-406e-9464-5ee8674fce39\ConfigFunctions.py
2026-05-24T12:50:56+0300 INFO: Старт робота: D:\Study\ПКС\хакатон\case3_search-for-printed-form\Кейс3_ПоискПечатнойФормы1С\resource\54c62f01-c78b-406e-9464-5ee8674fce39\techFunctions.py
2026-05-24T12:50:56+0300 INFO: Старт робота: D:\Study\ПКС\хакатон\case3_search-for-printed-form\Кейс3_ПоискПечатнойФормы1С\resource\54c62f01-c78b-406e-9464-5ee8674fce39\relay_930.py
2026-05-24T12:50:56+0300 INFO: Старт робота: D:\Study\ПКС\хакатон\case3_search-for-printed-form\Кейс3_ПоискПечатнойФормы1С\resource\54c62f01-c78b-406e-9464-5ee8674fce39\ProcessDocument.py
2026-05-24T12:50:56+0300 INFO: Старт робота: D:\Study\ПКС\хакатон\case3_search-for-printed-form\Кейс3_ПоискПечатнойФормы1С\resource\54c62f01-c78b-406e-9464-5ee8674fce39\FinishProcess.py
2026-05-24T12:50:57+0300 INFO: Старт робота: D:\Study\ПКС\хакатон\case3_search-for-printed-form\Кейс3_ПоискПечатнойФормы1С\resource\54c62f01-c78b-406e-9464-5ee8674fce39\main.py
2026-05-24T12:50:57+0300 INFO: D:\Study\ПКС\хакатон\case3_search-for-printed-form\Кейс3_ПоискПечатнойФормы1С\resource\54c62f01-c78b-406e-9464-5ee8674fce39\main.py Робот начал работу 24.05.2026 12:50:57
2026-05-24T12:50:57+0300 INFO: D:\Study\ПКС\хакатон\case3_search-for-printed-form\Кейс3_ПоискПечатнойФормы1С\resource\54c62f01-c78b-406e-9464-5ee8674fce39\ConfigFunctions.py Папки подготовлены
2026-05-24T12:54:04+0300 INFO: Завершение выполнения процесса. D:\Study\ПКС\хакатон\case3_search-for-printed-form\Кейс3_ПоискПечатнойФормы1С\process\main.json
2026-05-24T12:54:43+0300 INFO: Запуск процесса из студии разработки. D:\Study\ПКС\хакатон\case3_search-for-printed-form\Кейс3_ПоискПечатнойФормы1С\process\main.json
2026-05-24T12:54:44+0300 INFO: Старт робота: D:\Study\ПКС\хакатон\case3_search-for-printed-form\Кейс3_ПоискПечатнойФормы1С\resource\8dd29fab-67b2-480a-aad8-09a99e3ecf7c\ConfigFunctions.py
2026-05-24T12:54:45+0300 INFO: Старт робота: D:\Study\ПКС\хакатон\case3_search-for-printed-form\Кейс3_ПоискПечатнойФормы1С\resource\8dd29fab-67b2-480a-aad8-09a99e3ecf7c\techFunctions.py
2026-05-24T12:54:45+0300 INFO: Старт робота: D:\Study\ПКС\хакатон\case3_search-for-printed-form\Кейс3_ПоискПечатнойФормы1С\resource\8dd29fab-67b2-480a-aad8-09a99e3ecf7c\relay_930.py
2026-05-24T12:54:45+0300 INFO: Старт робота: D:\Study\ПКС\хакатон\case3_search-for-printed-form\Кейс3_ПоискПечатнойФормы1С\resource\8dd29fab-67b2-480a-aad8-09a99e3ecf7c\ProcessDocument.py
2026-05-24T12:54:45+0300 INFO: Старт робота: D:\Study\ПКС\хакатон\case3_search-for-printed-form\Кейс3_ПоискПечатнойФормы1С\resource\8dd29fab-67b2-480a-aad8-09a99e3ecf7c\FinishProcess.py
2026-05-24T12:54:46+0300 INFO: Старт робота: D:\Study\ПКС\хакатон\case3_search-for-printed-form\Кейс3_ПоискПечатнойФормы1С\resource\8dd29fab-67b2-480a-aad8-09a99e3ecf7c\main.py
2026-05-24T12:54:46+0300 INFO: D:\Study\ПКС\хакатон\case3_search-for-printed-form\Кейс3_ПоискПечатнойФормы1С\resource\8dd29fab-67b2-480a-aad8-09a99e3ecf7c\main.py Робот начал работу 24.05.2026 12:54:46
2026-05-24T12:54:46+0300 INFO: D:\Study\ПКС\хакатон\case3_search-for-printed-form\Кейс3_ПоискПечатнойФормы1С\resource\8dd29fab-67b2-480a-aad8-09a99e3ecf7c\ConfigFunctions.py Папки подготовлены
2026-05-24T12:57:15+0300 ERROR: D:\Study\ПКС\хакатон\case3_search-for-printed-form\Кейс3_ПоискПечатнойФормы1С\resource\8dd29fab-67b2-480a-aad8-09a99e3ecf7c\ProcessDocument.py Ошибка получения печатной формы
2026-05-24T12:57:15+0300 INFO: Завершение работы робота: D:\Study\ПКС\хакатон\case3_search-for-printed-form\Кейс3_ПоискПечатнойФормы1С\resource\8dd29fab-67b2-480a-aad8-09a99e3ecf7c\main.py
2026-05-24T12:57:18+0300 INFO: Завершение выполнения процесса. D:\Study\ПКС\хакатон\case3_search-for-printed-form\Кейс3_ПоискПечатнойФормы1С\process\main.json
2026-05-24T12:59:56+0300 INFO: Запуск процесса из студии разработки. D:\Study\ПКС\хакатон\case3_search-for-printed-form\Кейс3_ПоискПечатнойФормы1С\process\main.json
2026-05-24T12:59:58+0300 INFO: Старт робота: D:\Study\ПКС\хакатон\case3_search-for-printed-form\Кейс3_ПоискПечатнойФормы1С\resource\b5be81e4-041f-4fc2-abca-9a1f329fed01\ConfigFunctions.py
2026-05-24T12:59:58+0300 INFO: Старт робота: D:\Study\ПКС\хакатон\case3_search-for-printed-form\Кейс3_ПоискПечатнойФормы1С\resource\b5be81e4-041f-4fc2-abca-9a1f329fed01\techFunctions.py
2026-05-24T12:59:58+0300 INFO: Старт робота: D:\Study\ПКС\хакатон\case3_search-for-printed-form\Кейс3_ПоискПечатнойФормы1С\resource\b5be81e4-041f-4fc2-abca-9a1f329fed01\relay_930.py
2026-05-24T12:59:59+0300 INFO: Старт робота: D:\Study\ПКС\хакатон\case3_search-for-printed-form\Кейс3_ПоискПечатнойФормы1С\resource\b5be81e4-041f-4fc2-abca-9a1f329fed01\ProcessDocument.py
2026-05-24T12:59:59+0300 INFO: Старт робота: D:\Study\ПКС\хакатон\case3_search-for-printed-form\Кейс3_ПоискПечатнойФормы1С\resource\b5be81e4-041f-4fc2-abca-9a1f329fed01\FinishProcess.py
2026-05-24T13:00:00+0300 INFO: Старт робота: D:\Study\ПКС\хакатон\case3_search-for-printed-form\Кейс3_ПоискПечатнойФормы1С\resource\b5be81e4-041f-4fc2-abca-9a1f329fed01\main.py
2026-05-24T13:00:00+0300 INFO: D:\Study\ПКС\хакатон\case3_search-for-printed-form\Кейс3_ПоискПечатнойФормы1С\resource\b5be81e4-041f-4fc2-abca-9a1f329fed01\main.py Робот начал работу 24.05.2026 13:00:00
2026-05-24T13:00:00+0300 INFO: D:\Study\ПКС\хакатон\case3_search-for-printed-form\Кейс3_ПоискПечатнойФормы1С\resource\b5be81e4-041f-4fc2-abca-9a1f329fed01\ConfigFunctions.py Папки подготовлены
2026-05-24T13:02:30+0300 ERROR: D:\Study\ПКС\хакатон\case3_search-for-printed-form\Кейс3_ПоискПечатнойФормы1С\resource\b5be81e4-041f-4fc2-abca-9a1f329fed01\ProcessDocument.py Ошибка получения печатной формы
2026-05-24T13:02:30+0300 INFO: Завершение работы робота: D:\Study\ПКС\хакатон\case3_search-for-printed-form\Кейс3_ПоискПечатнойФормы1С\resource\b5be81e4-041f-4fc2-abca-9a1f329fed01\main.py
2026-05-24T13:02:32+0300 INFO: Завершение выполнения процесса. D:\Study\ПКС\хакатон\case3_search-for-printed-form\Кейс3_ПоискПечатнойФормы1С\process\main.json
2026-05-24T13:05:25+0300 INFO: Запуск процесса из студии разработки. C:\Users\kulak\Downloads\Telegram Desktop\Кейс3_ПоискПечатнойФормы1С\Кейс3_ПоискПечатнойФормы1С\process\main.json
2026-05-24T13:05:26+0300 INFO: Старт робота: C:\Users\kulak\Downloads\Telegram Desktop\Кейс3_ПоискПечатнойФормы1С\Кейс3_ПоискПечатнойФормы1С\resource\50f94143-f65f-4366-bb37-871d7a15c9c8\ConfigFunctions.py
2026-05-24T13:05:26+0300 INFO: Старт робота: C:\Users\kulak\Downloads\Telegram Desktop\Кейс3_ПоискПечатнойФормы1С\Кейс3_ПоискПечатнойФормы1С\resource\50f94143-f65f-4366-bb37-871d7a15c9c8\techFunctions.py
2026-05-24T13:05:26+0300 INFO: Старт робота: C:\Users\kulak\Downloads\Telegram Desktop\Кейс3_ПоискПечатнойФормы1С\Кейс3_ПоискПечатнойФормы1С\resource\50f94143-f65f-4366-bb37-871d7a15c9c8\relay_930.py
2026-05-24T13:05:27+0300 INFO: Старт робота: C:\Users\kulak\Downloads\Telegram Desktop\Кейс3_ПоискПечатнойФормы1С\Кейс3_ПоискПечатнойФормы1С\resource\50f94143-f65f-4366-bb37-871d7a15c9c8\ProcessDocument.py
2026-05-24T13:05:27+0300 INFO: Старт робота: C:\Users\kulak\Downloads\Telegram Desktop\Кейс3_ПоискПечатнойФормы1С\Кейс3_ПоискПечатнойФормы1С\resource\50f94143-f65f-4366-bb37-871d7a15c9c8\FinishProcess.py
2026-05-24T13:05:27+0300 INFO: Старт робота: C:\Users\kulak\Downloads\Telegram Desktop\Кейс3_ПоискПечатнойФормы1С\Кейс3_ПоискПечатнойФормы1С\resource\50f94143-f65f-4366-bb37-871d7a15c9c8\main.py
2026-05-24T13:05:27+0300 INFO: C:\Users\kulak\Downloads\Telegram Desktop\Кейс3_ПоискПечатнойФормы1С\Кейс3_ПоискПечатнойФормы1С\resource\50f94143-f65f-4366-bb37-871d7a15c9c8\main.py Робот начал работу 24.05.2026 13:05:27
2026-05-24T13:05:27+0300 INFO: C:\Users\kulak\Downloads\Telegram Desktop\Кейс3_ПоискПечатнойФормы1С\Кейс3_ПоискПечатнойФормы1С\resource\50f94143-f65f-4366-bb37-871d7a15c9c8\ConfigFunctions.py Папки подготовлены
2026-05-24T13:07:32+0300 ERROR: C:\Users\kulak\Downloads\Telegram Desktop\Кейс3_ПоискПечатнойФормы1С\Кейс3_ПоискПечатнойФормы1С\resource\50f94143-f65f-4366-bb37-871d7a15c9c8\ProcessDocument.py Ошибка получения печатной формы
2026-05-24T13:07:32+0300 INFO: Завершение работы робота: C:\Users\kulak\Downloads\Telegram Desktop\Кейс3_ПоискПечатнойФормы1С\Кейс3_ПоискПечатнойФормы1С\resource\50f94143-f65f-4366-bb37-871d7a15c9c8\main.py
2026-05-24T13:07:33+0300 INFO: Завершение выполнения процесса. C:\Users\kulak\Downloads\Telegram Desktop\Кейс3_ПоискПечатнойФормы1С\Кейс3_ПоискПечатнойФормы1С\process\main.json
2026-05-24T13:08:50+0300 INFO: Запуск процесса из студии разработки. C:\Users\kulak\Downloads\Telegram Desktop\Кейс3_ПоискПечатнойФормы1С\Кейс3_ПоискПечатнойФормы1С\process\main.json
2026-05-24T13:08:51+0300 INFO: Старт робота: C:\Users\kulak\Downloads\Telegram Desktop\Кейс3_ПоискПечатнойФормы1С\Кейс3_ПоискПечатнойФормы1С\resource\907d30f3-3ccb-4e56-9376-a2db6a787604\ConfigFunctions.py
2026-05-24T13:08:51+0300 INFO: Старт робота: C:\Users\kulak\Downloads\Telegram Desktop\Кейс3_ПоискПечатнойФормы1С\Кейс3_ПоискПечатнойФормы1С\resource\907d30f3-3ccb-4e56-9376-a2db6a787604\techFunctions.py
2026-05-24T13:08:52+0300 INFO: Старт робота: C:\Users\kulak\Downloads\Telegram Desktop\Кейс3_ПоискПечатнойФормы1С\Кейс3_ПоискПечатнойФормы1С\resource\907d30f3-3ccb-4e56-9376-a2db6a787604\relay_930.py
2026-05-24T13:08:52+0300 INFO: Старт робота: C:\Users\kulak\Downloads\Telegram Desktop\Кейс3_ПоискПечатнойФормы1С\Кейс3_ПоискПечатнойФормы1С\resource\907d30f3-3ccb-4e56-9376-a2db6a787604\ProcessDocument.py
2026-05-24T13:08:52+0300 INFO: Старт робота: C:\Users\kulak\Downloads\Telegram Desktop\Кейс3_ПоискПечатнойФормы1С\Кейс3_ПоискПечатнойФормы1С\resource\907d30f3-3ccb-4e56-9376-a2db6a787604\FinishProcess.py
2026-05-24T13:08:53+0300 INFO: Старт робота: C:\Users\kulak\Downloads\Telegram Desktop\Кейс3_ПоискПечатнойФормы1С\Кейс3_ПоискПечатнойФормы1С\resource\907d30f3-3ccb-4e56-9376-a2db6a787604\main.py
2026-05-24T13:08:53+0300 INFO: C:\Users\kulak\Downloads\Telegram Desktop\Кейс3_ПоискПечатнойФормы1С\Кейс3_ПоискПечатнойФормы1С\resource\907d30f3-3ccb-4e56-9376-a2db6a787604\main.py Робот начал работу 24.05.2026 13:08:53
2026-05-24T13:08:53+0300 INFO: C:\Users\kulak\Downloads\Telegram Desktop\Кейс3_ПоискПечатнойФормы1С\Кейс3_ПоискПечатнойФормы1С\resource\907d30f3-3ccb-4e56-9376-a2db6a787604\ConfigFunctions.py Папки подготовлены
2026-05-24T13:11:30+0300 ERROR: C:\Users\kulak\Downloads\Telegram Desktop\Кейс3_ПоискПечатнойФормы1С\Кейс3_ПоискПечатнойФормы1С\resource\907d30f3-3ccb-4e56-9376-a2db6a787604\ProcessDocument.py Ошибка получения печатной формы
2026-05-24T13:11:30+0300 INFO: Завершение работы робота: C:\Users\kulak\Downloads\Telegram Desktop\Кейс3_ПоискПечатнойФормы1С\Кейс3_ПоискПечатнойФормы1С\resource\907d30f3-3ccb-4e56-9376-a2db6a787604\main.py
2026-05-24T13:11:31+0300 INFO: Завершение выполнения процесса. C:\Users\kulak\Downloads\Telegram Desktop\Кейс3_ПоискПечатнойФормы1С\Кейс3_ПоискПечатнойФормы1С\process\main.json
2026-05-24T13:14:06+0300 INFO: Запуск процесса из студии разработки. C:\Users\kulak\Downloads\Telegram Desktop\Кейс3_ПоискПечатнойФормы1С\Кейс3_ПоискПечатнойФормы1С\process\main.json
2026-05-24T13:14:07+0300 INFO: Старт робота: C:\Users\kulak\Downloads\Telegram Desktop\Кейс3_ПоискПечатнойФормы1С\Кейс3_ПоискПечатнойФормы1С\resource\c09cba7b-eadb-492a-bd3d-390a68aa9ba0\ConfigFunctions.py
2026-05-24T13:14:07+0300 INFO: Старт робота: C:\Users\kulak\Downloads\Telegram Desktop\Кейс3_ПоискПечатнойФормы1С\Кейс3_ПоискПечатнойФормы1С\resource\c09cba7b-eadb-492a-bd3d-390a68aa9ba0\techFunctions.py
2026-05-24T13:14:07+0300 INFO: Старт робота: C:\Users\kulak\Downloads\Telegram Desktop\Кейс3_ПоискПечатнойФормы1С\Кейс3_ПоискПечатнойФормы1С\resource\c09cba7b-eadb-492a-bd3d-390a68aa9ba0\relay_930.py
2026-05-24T13:14:07+0300 INFO: Старт робота: C:\Users\kulak\Downloads\Telegram Desktop\Кейс3_ПоискПечатнойФормы1С\Кейс3_ПоискПечатнойФормы1С\resource\c09cba7b-eadb-492a-bd3d-390a68aa9ba0\ProcessDocument.py
2026-05-24T13:14:07+0300 INFO: Старт робота: C:\Users\kulak\Downloads\Telegram Desktop\Кейс3_ПоискПечатнойФормы1С\Кейс3_ПоискПечатнойФормы1С\resource\c09cba7b-eadb-492a-bd3d-390a68aa9ba0\FinishProcess.py
2026-05-24T13:14:08+0300 INFO: Старт робота: C:\Users\kulak\Downloads\Telegram Desktop\Кейс3_ПоискПечатнойФормы1С\Кейс3_ПоискПечатнойФормы1С\resource\c09cba7b-eadb-492a-bd3d-390a68aa9ba0\main.py
2026-05-24T13:14:08+0300 INFO: C:\Users\kulak\Downloads\Telegram Desktop\Кейс3_ПоискПечатнойФормы1С\Кейс3_ПоискПечатнойФормы1С\resource\c09cba7b-eadb-492a-bd3d-390a68aa9ba0\main.py Робот начал работу 24.05.2026 13:14:08
2026-05-24T13:14:08+0300 INFO: C:\Users\kulak\Downloads\Telegram Desktop\Кейс3_ПоискПечатнойФормы1С\Кейс3_ПоискПечатнойФормы1С\resource\c09cba7b-eadb-492a-bd3d-390a68aa9ba0\ConfigFunctions.py Папки подготовлены
2026-05-24T13:16:29+0300 ERROR: C:\Users\kulak\Downloads\Telegram Desktop\Кейс3_ПоискПечатнойФормы1С\Кейс3_ПоискПечатнойФормы1С\resource\c09cba7b-eadb-492a-bd3d-390a68aa9ba0\ProcessDocument.py Ошибка сохранения печатной формы
2026-05-24T13:16:29+0300 ERROR: C:\Users\kulak\Downloads\Telegram Desktop\Кейс3_ПоискПечатнойФормы1С\Кейс3_ПоискПечатнойФормы1С\resource\c09cba7b-eadb-492a-bd3d-390a68aa9ba0\ProcessDocument.py Ошибка получения печатной формы
2026-05-24T13:16:29+0300 INFO: Завершение работы робота: C:\Users\kulak\Downloads\Telegram Desktop\Кейс3_ПоискПечатнойФормы1С\Кейс3_ПоискПечатнойФормы1С\resource\c09cba7b-eadb-492a-bd3d-390a68aa9ba0\main.py
2026-05-24T13:16:30+0300 INFO: Завершение выполнения процесса. C:\Users\kulak\Downloads\Telegram Desktop\Кейс3_ПоискПечатнойФормы1С\Кейс3_ПоискПечатнойФормы1С\process\main.json
2026-05-24T13:39:42+0300 INFO: Запуск процесса из студии разработки. C:\Users\Кейс3_ПоискПечатнойФормы1С\process\main.json
2026-05-24T13:39:43+0300 Окно выполнения: main: ERROR:  ["stderr:","Traceback (most recent call last):\r\n  File \"C:\\Users\\Кейс3_ПоискПечатнойФормы1С\\resource\\2701c5a4-2d45-4187-9552-c013d17dd5be\\main.py\", line 13, in <module>\r\n    from ConfigFunctions import LoadConfig\r\n  File \"C:\\Users\\Кейс3_ПоискПечатнойФормы1С\\resource\\2701c5a4-2d45-4187-9552-c013d17dd5be\\ConfigFunctions.py\", line 229\r\n    except Exception as error_puzzle_1_0_3v:\r\n    ^\r\nIndentationError: expected an indented block after 'try' statement on line 227\r\n"]
2026-05-24T13:39:52+0300 ERROR: Завершение выполнения процесса. C:\Users\Кейс3_ПоискПечатнойФормы1С\process\main.json
2026-05-24T13:39:54+0300 INFO: Запуск процесса из студии разработки. C:\Users\Кейс3_ПоискПечатнойФормы1С\process\main.json
2026-05-24T13:39:55+0300 Окно выполнения: main: ERROR:  ["stderr:","Traceback (most recent call last):\r\n  File \"C:\\Users\\Кейс3_ПоискПечатнойФормы1С\\resource\\30440bb2-dbcb-4a75-86e0-2c62db35841a\\main.py\", line 13, in <module>\r\n    from ConfigFunctions import LoadConfig\r\n  File \"C:\\Users\\Кейс3_ПоискПечатнойФормы1С\\resource\\30440bb2-dbcb-4a75-86e0-2c62db35841a\\ConfigFunctions.py\", line 229\r\n    except Exception as error_puzzle_1_0_3v:\r\n    ^\r\nIndentationError: expected an indented block after 'try' statement on line 227\r\n"]
2026-05-24T13:40:07+0300 ERROR: Завершение выполнения процесса. C:\Users\Кейс3_ПоискПечатнойФормы1С\process\main.json
2026-05-24T13:41:03+0300 INFO: Запуск процесса из студии разработки. C:\Users\Кейс3_ПоискПечатнойФормы1С\process\main.json
2026-05-24T13:41:04+0300 Окно выполнения: main: ERROR:  ["stderr:","Traceback (most recent call last):\r\n  File \"C:\\Users\\Кейс3_ПоискПечатнойФормы1С\\resource\\55e04461-fb42-4c5c-866f-394ae83d604b\\main.py\", line 13, in <module>\r\n    from ConfigFunctions import LoadConfig\r\n  File \"C:\\Users\\Кейс3_ПоискПечатнойФормы1С\\resource\\55e04461-fb42-4c5c-866f-394ae83d604b\\ConfigFunctions.py\", line 229\r\n    except Exception as error_puzzle_1_0_3v:\r\n    ^\r\nIndentationError: expected an indented block after 'try' statement on line 227\r\n"]
2026-05-24T13:41:18+0300 ERROR: Завершение выполнения процесса. C:\Users\Кейс3_ПоискПечатнойФормы1С\process\main.json
2026-05-24T13:41:43+0300 INFO: Запуск процесса из студии разработки. C:\Users\Кейс3_ПоискПечатнойФормы1С\process\main.json
2026-05-24T13:41:44+0300 INFO: Старт робота: C:\Users\Кейс3_ПоискПечатнойФормы1С\resource\b0ef8a49-cefa-422b-af33-b3e6298a9139\ConfigFunctions.py
2026-05-24T13:41:44+0300 INFO: Старт робота: C:\Users\Кейс3_ПоискПечатнойФормы1С\resource\b0ef8a49-cefa-422b-af33-b3e6298a9139\relay_930.py
2026-05-24T13:41:44+0300 INFO: Старт робота: C:\Users\Кейс3_ПоискПечатнойФормы1С\resource\b0ef8a49-cefa-422b-af33-b3e6298a9139\ProcessDocument.py
2026-05-24T13:41:45+0300 INFO: Старт робота: C:\Users\Кейс3_ПоискПечатнойФормы1С\resource\b0ef8a49-cefa-422b-af33-b3e6298a9139\main.py
2026-05-24T13:41:45+0300 INFO: C:\Users\Кейс3_ПоискПечатнойФормы1С\resource\b0ef8a49-cefa-422b-af33-b3e6298a9139\main.py Робот начал работу 24.05.2026 13:41:45
2026-05-24T13:41:45+0300 ERROR: C:\Users\Кейс3_ПоискПечатнойФормы1С\resource\b0ef8a49-cefa-422b-af33-b3e6298a9139\main.py В конфигурации отсутствует mode
2026-05-24T13:41:45+0300 INFO: Робот завершил работу
2026-05-24T13:41:45+0300 INFO: Завершение выполнения процесса. C:\Users\Кейс3_ПоискПечатнойФормы1С\process\main.json
2026-05-24T13:41:53+0300 INFO: Запуск процесса из студии разработки. C:\Users\Кейс3_ПоискПечатнойФормы1С\process\main.json
2026-05-24T13:41:54+0300 INFO: Старт робота: C:\Users\Кейс3_ПоискПечатнойФормы1С\resource\3d5a9b39-caba-4189-a9b3-3aaaf023eab3\ConfigFunctions.py
2026-05-24T13:41:54+0300 INFO: Старт робота: C:\Users\Кейс3_ПоискПечатнойФормы1С\resource\3d5a9b39-caba-4189-a9b3-3aaaf023eab3\relay_930.py
2026-05-24T13:41:54+0300 INFO: Старт робота: C:\Users\Кейс3_ПоискПечатнойФормы1С\resource\3d5a9b39-caba-4189-a9b3-3aaaf023eab3\ProcessDocument.py
2026-05-24T13:41:55+0300 INFO: Старт робота: C:\Users\Кейс3_ПоискПечатнойФормы1С\resource\3d5a9b39-caba-4189-a9b3-3aaaf023eab3\main.py
2026-05-24T13:41:55+0300 INFO: C:\Users\Кейс3_ПоискПечатнойФормы1С\resource\3d5a9b39-caba-4189-a9b3-3aaaf023eab3\main.py Робот начал работу 24.05.2026 13:41:55
2026-05-24T13:41:55+0300 ERROR: C:\Users\Кейс3_ПоискПечатнойФормы1С\resource\3d5a9b39-caba-4189-a9b3-3aaaf023eab3\main.py В конфигурации отсутствует mode
2026-05-24T13:41:55+0300 INFO: Робот завершил работу
2026-05-24T13:41:55+0300 INFO: Завершение выполнения процесса. C:\Users\Кейс3_ПоискПечатнойФормы1С\process\main.json
2026-05-24T13:43:38+0300 INFO: Запуск процесса из студии разработки. C:\Users\Кейс3_ПоискПечатнойФормы1С\process\main.json
2026-05-24T13:43:39+0300 INFO: Старт робота: C:\Users\Кейс3_ПоискПечатнойФормы1С\resource\232c782d-050e-4bc0-978a-5639c60a9be3\ConfigFunctions.py
2026-05-24T13:43:39+0300 INFO: Старт робота: C:\Users\Кейс3_ПоискПечатнойФормы1С\resource\232c782d-050e-4bc0-978a-5639c60a9be3\relay_930.py
2026-05-24T13:43:39+0300 INFO: Старт робота: C:\Users\Кейс3_ПоискПечатнойФормы1С\resource\232c782d-050e-4bc0-978a-5639c60a9be3\ProcessDocument.py
2026-05-24T13:43:40+0300 INFO: Старт робота: C:\Users\Кейс3_ПоискПечатнойФормы1С\resource\232c782d-050e-4bc0-978a-5639c60a9be3\main.py
2026-05-24T13:43:40+0300 INFO: C:\Users\Кейс3_ПоискПечатнойФормы1С\resource\232c782d-050e-4bc0-978a-5639c60a9be3\main.py Робот начал работу 24.05.2026 13:43:40
2026-05-24T13:43:40+0300 INFO: C:\Users\Кейс3_ПоискПечатнойФормы1С\resource\232c782d-050e-4bc0-978a-5639c60a9be3\ConfigFunctions.py Папки подготовлены
2026-05-24T13:44:01+0300 Окно выполнения: main: ERROR:  ["Failed to get child processes: program not found"]
2026-05-24T13:44:05+0300 ERROR: C:\Users\Кейс3_ПоискПечатнойФормы1С\resource\232c782d-050e-4bc0-978a-5639c60a9be3\main.py Ошибка: Failed to get browser ws address: Cannot connect to host localhost:9244 ssl:default [Удаленный компьютер отклонил это сетевое подключение]
2026-05-24T13:44:05+0300 INFO: Завершение выполнения процесса. C:\Users\Кейс3_ПоискПечатнойФормы1С\process\main.json
